<html>
<body>
<pre>
<h1>µVision Build Log</h1>
<h2>Tool Versions:</h2>
IDE-Version: ¦ÌVision V5.14.0.0
Copyright (C) 2015 ARM Ltd and ARM Germany GmbH. All rights reserved.
License Information: d d, d, LIC=MPPAR-KF16T-BEHHH-W2P95-M33T9-FXMG5
 
Tool Versions:
Toolchain:       MDK-ARM Standard  Version: 5.14.0.0
Toolchain Path:  D:\MDK514\ARM\ARMCC\Bin
C Compiler:      Armcc.exe V5.05 update 1 (build 106)
Assembler:       Armasm.exe V5.05 update 1 (build 106)
Linker/Locator:  ArmLink.exe V5.05 update 1 (build 106)
Library Manager: ArmAr.exe V5.05 update 1 (build 106)
Hex Converter:   FromElf.exe V5.05 update 1 (build 106)
CPU DLL:         SARMCM3.DLL V5.14.0.0
Dialog DLL:      DCM.DLL V1.13.1.0
Target DLL:      CMSIS_AGDI.dll V1.21.0.0
Dialog DLL:      TCM.DLL V1.14.4.0
 
<h2>Project:</h2>
C:\Users\sheep\Desktop\ContikiDemo\project\ContikiDemo.uvprojx
Project File Date:  02/27/2019

<h2>Output:</h2>
Build target 'Target 1'
compiling contiki-main.c...
..\contiki\cpu\stm32f103\debug-uart.h(27): warning:  #1-D: last line of file ends without a newline
  #endif
..\user\contiki-main.c(67): warning:  #111-D: statement is unreachable
      return 0;
..\user\contiki-main.c: 2 warnings, 0 errors
linking...
Program Size: Code=3432 RO-data=364 RW-data=132 ZI-data=1428  
"..\output\ContikiDemo.axf" - 0 Error(s), 2 Warning(s).

<h2>Collection of Component include folders:</h2>
  C:\Users\sheep\Desktop\ContikiDemo\project\RTE
  D:\MDK514\ARM\PACK\Keil\STM32F1xx_DFP\1.0.5\Device\Include

<h2>Collection of Component Files used:</h2>
</pre>
</body>
</html>
